2025-07-15 13:08:26,818 [INFO] Login SUCCESS: utku
2025-07-15 13:08:45,780 [INFO] Login SUCCESS: sinan
2025-07-15 13:15:07,980 [INFO] Login SUCCESS: sinan
2025-07-15 13:16:18,051 [INFO] Login SUCCESS: sinan
2025-07-15 13:16:35,165 [INFO] Login SUCCESS: sinan
2025-07-15 13:25:20,008 [INFO] Login SUCCESS: sinan
2025-07-15 15:43:14,839 [INFO] Login SUCCESS: sinan
2025-07-15 15:44:09,028 [INFO] Login SUCCESS: sinan
 2025-07-15 15:56:19,740 [INFO] Login SUCCESS: sinan  app_logger
 2025-07-15 15:56:45,635 [INFO] Login SUCCESS: sinan  app_logger
 2025-07-15 15:57:13,718 [INFO] Login SUCCESS: utku  app_logger
 2025-07-16 14:33:04,451 [INFO] Login SUCCESS: sinan  app_logger
 2025-07-16 14:35:18,104 [INFO] Login SUCCESS: sinan  app_logger
 2025-07-16 15:18:56,597 [INFO] Login SUCCESS: sinan  app_logger
 2025-07-16 15:19:42,815 [INFO] Login SUCCESS: sinan  app_logger
 2025-07-16 15:36:58,140 [INFO] Login SUCCESS: sinan  app_logger
 2025-07-16 15:49:38,677 [INFO] Login SUCCESS: sinan  app_logger
 2025-07-16 16:33:50,379 [INFO] Login SUCCESS: sinan  app_logger
 2025-07-16 16:37:56,732 [INFO] Login SUCCESS: sinan  app_logger
 2025-07-16 17:05:32,308 [INFO] Login SUCCESS: sinan  app_logger
 2025-07-16 17:05:45,334 [INFO] Login SUCCESS: sinan  app_logger
 2025-07-16 17:08:17,346 [INFO] Login SUCCESS: sinan  app_logger
 2025-07-16 19:05:18,490 [INFO] Login SUCCESS: sinan  app_logger
 2025-07-16 19:22:40,809 [INFO] Login SUCCESS: sinan  app_logger
 2025-07-16 19:31:47,311 [INFO] Login SUCCESS: sinan  app_logger
 2025-07-16 19:33:17,438 [INFO] Login SUCCESS: sinan  app_logger
 2025-07-17 09:43:47,368 [INFO] Login SUCCESS: sinan  app_logger
 2025-07-17 09:47:44,495 [INFO] Login SUCCESS: sinan  app_logger
 2025-07-17 14:58:46,526 [INFO] Login SUCCESS: sinan  app_logger
 2025-07-17 14:59:04,024 [INFO] Login SUCCESS: sinan  app_logger
 2025-07-17 18:35:10,724 [INFO] Login SUCCESS: sinan  app_logger
 2025-07-17 19:55:37,517 [INFO] Login SUCCESS: sinan  app_logger
 2025-07-17 19:57:41,120 [INFO] Login SUCCESS: sinan  app_logger
 2025-07-17 19:57:58,227 [INFO] Login SUCCESS: sinan  app_logger
 2025-07-21 11:34:18,379 [INFO] Login SUCCESS: sinan  app_logger
 2025-07-21 11:37:52,881 [INFO] Login SUCCESS: sinan  app_logger
 2025-07-21 14:46:29,198 [INFO] Login SUCCESS: sinan  app_logger
 2025-07-21 15:00:44,527 [INFO] Login SUCCESS: sinan  app_logger
 2025-07-21 15:09:47,927 [INFO] Login SUCCESS: sinan  app_logger
 2025-07-21 15:10:24,068 [INFO] Login SUCCESS: sinan  app_logger
 2025-07-21 15:24:49,997 [INFO] Login SUCCESS: sinan  app_logger
 2025-07-21 15:25:04,830 [INFO] Login SUCCESS: sinan  app_logger
 2025-07-21 15:25:17,405 [INFO] Login SUCCESS: sinan  app_logger
 2025-07-22 08:59:05,866 [INFO] Login SUCCESS: sinan  app_logger
 2025-07-24 08:57:17,646 [INFO] Login SUCCESS: sinan  app_logger
 2025-07-24 10:11:14,947 [INFO] Login SUCCESS: sinan  app_logger
 2025-07-24 10:12:07,470 [INFO] Login SUCCESS: sinan  app_logger
 2025-07-24 10:17:56,502 [INFO] Login SUCCESS: sinan  app_logger
 2025-07-24 13:44:23,599 [INFO] Login SUCCESS: sinan  app_logger
 2025-07-25 09:40:55,195 [INFO] Login SUCCESS: sinan  app_logger
 2025-07-25 11:01:32,401 [INFO] Login SUCCESS: sinan  app_logger
 2025-07-29 09:15:35,866 [INFO] Login SUCCESS: sinan  app_logger
 2025-07-29 09:42:36,154 [INFO] Login SUCCESS: sinan  app_logger
 2025-07-29 10:05:31,005 [INFO] Login SUCCESS: sinan  app_logger
 2025-07-29 10:09:24,085 [INFO] Login SUCCESS: sinan  app_logger
 2025-07-29 10:09:55,899 [INFO] Login SUCCESS: sinan  app_logger
 2025-07-29 10:10:33,100 [INFO] Login SUCCESS: sinan  app_logger
 2025-07-29 10:19:32,085 [INFO] Login SUCCESS: sinan  app_logger
 2025-07-29 10:21:47,669 [INFO] Login SUCCESS: sinan  app_logger
 2025-07-29 10:22:11,326 [INFO] Login SUCCESS: araba  app_logger
 2025-07-29 10:24:02,385 [INFO] Login SUCCESS: sinan  app_logger
 2025-07-29 10:26:15,578 [INFO] Login SUCCESS: sinan  app_logger
 2025-07-29 11:11:55,200 [INFO] Login SUCCESS: sinan  app_logger
 2025-07-29 11:30:58,555 [INFO] Login SUCCESS: sinan  app_logger
 2025-07-29 11:34:03,942 [INFO] Login SUCCESS: sinan  app_logger
 2025-07-29 11:35:27,871 [INFO] Login SUCCESS: sinan  app_logger
 2025-07-29 11:35:51,847 [INFO] Login SUCCESS: sinan  app_logger
 2025-07-29 11:41:01,558 [INFO] Login SUCCESS: sinan  app_logger
 2025-07-29 11:42:07,237 [INFO] Login SUCCESS: sinan  app_logger
 2025-07-29 11:58:36,722 [INFO] Login SUCCESS: sinan  app_logger
 2025-07-29 12:03:28,006 [INFO] Login SUCCESS: utku  app_logger
 2025-07-29 13:27:40,418 [INFO] Login SUCCESS: sinan  app_logger
 2025-07-29 13:29:33,883 [INFO] Login SUCCESS: sinan  app_logger
 2025-07-29 13:42:43,931 [INFO] Login SUCCESS: sinan  app_logger
 2025-07-29 15:28:47,173 [INFO] Login SUCCESS: sinan  app_logger
 2025-07-29 15:37:33,275 [INFO] Login SUCCESS: sinan  app_logger
 2025-07-29 15:44:24,829 [INFO] Login SUCCESS: sinan  app_logger
 2025-07-29 15:54:03,903 [INFO] Login SUCCESS: sinan  app_logger
 2025-07-29 16:00:22,430 [INFO] Login SUCCESS: sinan  app_logger
 2025-07-29 16:34:39,595 [INFO] Login SUCCESS: sinan  app_logger
 2025-07-29 16:37:33,829 [INFO] Login SUCCESS: sinan  app_logger
 2025-07-29 16:46:24,139 [INFO] Login SUCCESS: sinan  app_logger
 2025-07-30 09:49:32,495 [INFO] Login SUCCESS: sinan  app_logger
 2025-07-30 10:55:33,536 [INFO] Login SUCCESS: sinan  app_logger
 2025-07-30 10:56:32,165 [INFO] Login SUCCESS: sinan  app_logger
 2025-07-30 11:10:15,797 [INFO] Login SUCCESS: sinan  app_logger
 2025-07-30 11:13:28,295 [INFO] Login SUCCESS: sinan  app_logger
 2025-07-30 11:15:42,761 [INFO] Login SUCCESS: sinan  app_logger
 2025-07-30 11:19:31,843 [INFO] Login SUCCESS: sinan  app_logger
 2025-07-30 11:21:09,253 [INFO] Login SUCCESS: sinan  app_logger
 2025-07-30 11:28:21,281 [INFO] Login SUCCESS: sinan  app_logger
 2025-07-30 14:28:42,346 [INFO] Login SUCCESS: sinan  app_logger
 2025-07-30 15:28:56,106 [INFO] Login SUCCESS: sinan  app_logger
 2025-07-30 15:36:52,803 [INFO] Login SUCCESS: sinan  app_logger
 2025-07-31 09:02:54,721 [INFO] Login SUCCESS: sinan  app_logger
 2025-07-31 10:12:39,312 [INFO] Login SUCCESS: sinan  app_logger
 2025-07-31 10:14:20,241 [INFO] Login SUCCESS: sinan  app_logger
 2025-07-31 10:32:53,072 [INFO] Login SUCCESS: sinan  app_logger
 2025-07-31 11:07:53,485 [INFO] Login SUCCESS: sinan  app_logger
 2025-07-31 11:14:57,411 [INFO] Login SUCCESS: sinan  app_logger
 2025-07-31 13:51:37,968 [INFO] Login SUCCESS: sinan  app_logger
 2025-07-31 14:12:01,242 [INFO] Login SUCCESS: sinan  app_logger
 2025-08-01 09:22:30,445 [INFO] Login SUCCESS: sinan  app_logger
 2025-08-01 09:31:33,219 [INFO] Login SUCCESS: sinan  app_logger
 2025-08-01 09:32:32,520 [INFO] Login SUCCESS: sinan  app_logger
 2025-08-01 09:34:09,140 [INFO] Login SUCCESS: sinan  app_logger
 2025-08-01 09:55:52,768 [INFO] Login SUCCESS: sinan  app_logger
