2025-07-15 13:08:39,160 [WARNING] Login FAILED: sinan
2025-07-15 13:08:40,980 [WARNING] Login FAILED: sinan
2025-07-15 13:14:58,550 [WARNING] Login FAILED: sinan
2025-07-15 13:15:45,333 [WARNING] Login FAILED: sinan
2025-07-15 13:16:13,250 [WARNING] Login FAILED: sinan
2025-07-15 13:16:13,256 [WARNING] Login FAILED: sinan
2025-07-15 15:43:40,018 [WARNING] Login FAILED: sinan
2025-07-15 15:43:47,561 [WARNING] Login FAILED: sinan
 2025-07-15 15:56:06,151 [WARNING] Login FAILED: sinan  warn_logger
 2025-07-15 15:56:08,169 [WARNING] Login FAILED: sinan  warn_logger
 2025-07-15 15:56:27,824 [WARNING] Login FAILED: sinan  warn_logger
 2025-07-15 15:56:32,440 [WARNING] Login FAILED: sinan  warn_logger
 2025-07-15 15:56:35,507 [WARNING] Login FAILED: sinan  warn_logger
 2025-07-15 15:56:38,452 [WARNING] Login FAILED: sinan  warn_logger
 2025-07-15 15:56:50,786 [WARNING] Login FAILED: sinan  warn_logger
 2025-07-15 15:57:03,628 [WARNING] Login FAILED: utku  warn_logger
 2025-07-16 15:13:53,745 [WARNING] Login FAILED: sinan  warn_logger
 2025-07-16 15:17:44,440 [WARNING] Kayýtlý kullanýcý: sinan  warn_logger
 2025-07-16 15:18:18,570 [WARNING] Kayitli kullanici: sinan  warn_logger
 2025-07-16 15:18:33,785 [WARNING] Login FAILED: sinan  warn_logger
 2025-07-16 15:19:10,775 [WARNING] Login FAILED: sinan  warn_logger
 2025-07-16 16:37:52,913 [WARNING] Login FAILED: sinan  warn_logger
 2025-07-16 17:05:41,664 [WARNING] Login FAILED: sinan  warn_logger
 2025-07-16 19:33:08,702 [WARNING] Login FAILED: sinan  warn_logger
 2025-07-16 19:33:10,245 [WARNING] Login FAILED: sinan  warn_logger
 2025-07-16 19:33:11,910 [WARNING] Login FAILED: sinan  warn_logger
 2025-07-16 19:33:13,916 [WARNING] Login FAILED: sinan  warn_logger
 2025-07-21 11:36:32,244 [WARNING] Kayitli kullanici: sinan  warn_logger
 2025-07-21 11:37:46,228 [WARNING] Kayitli kullanici: sinan  warn_logger
 2025-07-29 10:05:19,499 [WARNING] Kayitli kullanici: sinan  warn_logger
 2025-07-29 10:09:18,704 [WARNING] Kayitli kullanici: sinan  warn_logger
 2025-07-29 10:19:26,652 [WARNING] Kayitli kullanici: sinan  warn_logger
 2025-07-29 10:23:14,008 [WARNING] Kayitli kullanici: sinan  warn_logger
 2025-07-29 11:35:45,319 [WARNING] Kayitli kullanici: sinan  warn_logger
 2025-07-29 12:03:22,106 [WARNING] Login FAILED: utku  warn_logger
 2025-07-29 12:03:24,367 [WARNING] Login FAILED: utku  warn_logger
 2025-07-30 11:10:31,225 [WARNING] Kayitli kullanici: sinan  warn_logger
 2025-08-01 09:30:24,532 [WARNING] Kayitli kullanici: sinan  warn_logger
 2025-08-01 09:30:30,230 [WARNING] Kayitli kullanici: sinan  warn_logger
 2025-08-01 09:30:40,907 [WARNING] Kayitli kullanici: sinan  warn_logger
